// Jest Snapshot v1, https://goo.gl/fbAQLP

exports[`Account rendering renders! 1`] = `
<t
  titleTag="Account"
>
  <t
    fullWidth={false}
    hide={false}
  >
    <t
      offsetPixels={0}
    >
      <Connect(PageTitleWithOrg)
        title="Account"
      />
    </t>
    <t
      offsetPixels={0}
    />
  </t>
  <t
    fullWidth={false}
    scrollable={true}
  >
    <withRouter(TabbedPage)
      activeTabUrl="settings"
      name="Account"
      parentUrl="/account"
    >
      <TabbedPageSection
        id="settings"
        title="My Settings"
        url="settings"
      >
        <Connect(Settings) />
      </TabbedPageSection>
    </withRouter(TabbedPage)>
  </t>
</t>
`;
